lab2233 MsgNumber: 12